// Jest Snapshot v1, https://goo.gl/fbAQLP

exports[`Artist details should match snapshot 1`] = `
<DocumentFragment>
  <div />
</DocumentFragment>
`;
