// Jest Snapshot v1, https://goo.gl/fbAQLP

exports[`Home should match snapshot 1`] = `
<DocumentFragment>
  <div
    class="App"
  >
    <header
      class="skiddle-u-background-primary"
    >
      <img
        alt="skiddle logo"
        class="skiddle-c-logo"
        src="https://s3-eu-west-1.amazonaws.com/skiddlecdn-general/assets/logo/png/skiddle-logo-white-landscape.png"
      />
      <div
        class="skiddle-u-pb-large skiddle-c-search"
      >
        <input
          class="skiddle-c-search-input"
          data-testid="search-input"
          name="searchEvents"
          placeholder="search for events"
          value=""
        />
        <span
          class="skiddle-c-loading-spinner-container"
        >
          <div
            aria-busy="true"
            class=""
          >
            <svg
              aria-label="audio-loading"
              height="24"
              stroke="rgb(70, 195, 190)"
              viewBox="0 0 38 38"
              width="24"
              xmlns="http://www.w3.org/2000/svg"
            >
              <g
                fill="none"
                fill-rule="evenodd"
              >
                <g
                  stroke-width="2"
                  transform="translate(1 1)"
                >
                  <circle
                    cx="18"
                    cy="18"
                    r="18"
                    stroke-opacity=".5"
                  />
                  <path
                    d="M36 18c0-9.94-8.06-18-18-18"
                  >
                    <animatetransform
                      attributeName="transform"
                      dur="1s"
                      from="0 18 18"
                      repeatCount="indefinite"
                      to="360 18 18"
                      type="rotate"
                    />
                  </path>
                </g>
              </g>
            </svg>
          </div>
        </span>
      </div>
    </header>
    <section
      class="skiddle-c-search-results skiddle-u-pt-large"
    />
  </div>
</DocumentFragment>
`;
